---
source: src/grammars/injections.rs
description: "text.html.php.blade - (meta.embedded | meta.tag | comment.block.blade), L:(text.html.php.blade meta.tag - (comment.block.blade | meta.embedded.block.blade)), L:(source.js.embedded.html - (comment.block.blade | meta.embedded.block.blade))"
expression: result
---
[
    CompiledInjectionMatcher {
        matcher: And(
            [
                Scope(
                    Scope("text.html.php.blade"),
                ),
                Not(
                    Or(
                        [
                            Scope(
                                Scope("meta.embedded"),
                            ),
                            Scope(
                                Scope("meta.tag"),
                            ),
                            Scope(
                                Scope("comment.block.blade"),
                            ),
                        ],
                    ),
                ),
            ],
        ),
        priority: None,
    },
    CompiledInjectionMatcher {
        matcher: And(
            [
                And(
                    [
                        Scope(
                            Scope("text.html.php.blade"),
                        ),
                        Scope(
                            Scope("meta.tag"),
                        ),
                    ],
                ),
                Not(
                    Or(
                        [
                            Scope(
                                Scope("comment.block.blade"),
                            ),
                            Scope(
                                Scope("meta.embedded.block.blade"),
                            ),
                        ],
                    ),
                ),
            ],
        ),
        priority: Some(
            Left,
        ),
    },
    CompiledInjectionMatcher {
        matcher: And(
            [
                Scope(
                    Scope("source.js.embedded.html"),
                ),
                Not(
                    Or(
                        [
                            Scope(
                                Scope("comment.block.blade"),
                            ),
                            Scope(
                                Scope("meta.embedded.block.blade"),
                            ),
                        ],
                    ),
                ),
            ],
        ),
        priority: Some(
            Left,
        ),
    },
]
